
> vite_react_shadcn_ts@0.0.0 build
> vite build

node.exe : [31mfailed to 
load config from D:\BeiraR
ioDelivery\vite.config.ts
[39m
No C:\Users\Paulo Henrique
\AppData\Roaming\npm\npm.p
s1:24 caractere:5
+     & "node$exe"  "$base
dir/node_modules/npm/bin/n
pm-cli.js" $args
+     ~~~~~~~~~~~~~~~~~~~~
~~~~~~~~~~~~~~~~~~~~~~~~~~
~~~~~~~~~~~~~~~~
    + CategoryInfo        
      : NotSpecified: (  
  [31mfailed to ....con   
 fig.ts[39m:String) [    
], RemoteException
    + FullyQualifiedError 
   Id : NativeCommandErr  
  or
 
[31merror during build:
Error 
[ERR_MODULE_NOT_FOUND]: 
Cannot find package 
'vite' imported from D:\Be
iraRioDelivery\node_module
s\.vite-temp\vite.config.t
s.timestamp-1774186162399-
9a5c342dc364a8.mjs
    at 
Object.getPackageJSONURL (
node:internal/modules/pack
age_json_reader:316:9)
    at packageResolve (nod
e:internal/modules/esm/res
olve:768:81)
    at moduleResolve (node
:internal/modules/esm/reso
lve:858:18)
    at defaultResolve (nod
e:internal/modules/esm/res
olve:990:11)
    at 
#cachedDefaultResolve (nod
e:internal/modules/esm/loa
der:718:20)
    at #resolveAndMaybeBlo
ckOnLoaderThread (node:int
ernal/modules/esm/loader:7
35:38)
    at 
ModuleLoader.resolveSync (
node:internal/modules/esm/
loader:764:52)
    at #resolve (node:inte
rnal/modules/esm/loader:70
0:17)
    at ModuleLoader.getOrC
reateModuleJob (node:inter
nal/modules/esm/loader:620
:35)
    at ModuleJob.syncLink 
(node:internal/modules/esm
/module_job:143:33)[39m
